// Jest Snapshot v1, https://goo.gl/fbAQLP

exports[`renders correctly when there are no items 1`] = `
<View
  style={
    Object {
      "alignItems": "center",
      "backgroundColor": "#ffffff",
      "borderRadius": 8,
      "elevation": 10,
      "margin": 10,
    }
  }
>
  <Image
    source={
      Object {
        "uri": undefined,
      }
    }
    style={
      Object {
        "borderRadius": 8,
        "height": 170,
        "margin": 0,
        "width": 345,
      }
    }
  />
  <Text
    style={
      Object {
        "color": "#000000",
        "fontSize": 16,
        "paddingBottom": 5,
        "paddingTop": 10,
      }
    }
  />
  <View
    style={
      Object {
        "alignItems": "center",
        "flexDirection": "row",
        "paddingBottom": 10,
      }
    }
  >
    <Text
      style={
        Object {
          "color": "#dfe0e1",
          "fontSize": 14,
          "fontWeight": "500",
        }
      }
    />
  </View>
</View>
`;
